10:43:47 [INFO] utils.helpers: Iniciando Chrome (headless=True)
10:43:49 [INFO] utils.helpers: Navegando a https://www.saucedemo.com/
10:43:51 [INFO] utils.helpers: Login realizado con el usuario 'standard_user'
10:43:54 [INFO] conftest: Navegador cerrado
10:43:54 [INFO] utils.helpers: Iniciando Chrome (headless=True)
10:43:56 [INFO] utils.helpers: Navegando a https://www.saucedemo.com/
10:43:58 [INFO] utils.helpers: Login realizado con el usuario 'standard_user'
10:44:01 [INFO] conftest: Navegador cerrado
10:44:01 [INFO] utils.helpers: Iniciando Chrome (headless=True)
10:44:02 [INFO] utils.helpers: Navegando a https://www.saucedemo.com/
10:44:04 [INFO] utils.helpers: Login realizado con el usuario 'standard_user'
10:44:05 [INFO] test_saucedemo: Primer producto: Sauce Labs Backpack - $29.99
10:44:07 [INFO] conftest: Navegador cerrado
10:44:07 [INFO] utils.helpers: Iniciando Chrome (headless=True)
10:44:09 [INFO] utils.helpers: Navegando a https://www.saucedemo.com/
10:44:12 [INFO] utils.helpers: Login realizado con el usuario 'standard_user'
10:44:15 [INFO] conftest: Navegador cerrado
10:44:15 [INFO] utils.helpers: Iniciando Chrome (headless=True)
10:44:16 [INFO] utils.helpers: Navegando a https://www.saucedemo.com/
10:44:18 [INFO] utils.helpers: Login realizado con el usuario 'standard_user'
10:44:19 [INFO] utils.helpers: Producto agregado al carrito: Sauce Labs Backpack
10:44:19 [INFO] utils.helpers: Navegó al carrito
10:44:22 [INFO] conftest: Navegador cerrado
